2026-09-11 23:48:32.612 -04:00 [INF] Start installing Hangfire SQL objects...
2026-09-11 23:48:32.870 -04:00 [WRN] An exception occurred while trying to perform the migration. Retrying...
Microsoft.Data.SqlClient.SqlException (0x80131904): Login failed for user 'sa'.
   at Microsoft.Data.SqlClient.SqlInternalConnection.OnError(SqlException exception, Boolean breakConnection, Action`1 wrapCloseInAction)
   at Microsoft.Data.SqlClient.TdsParser.ThrowExceptionAndWarning(TdsParserStateObject stateObj, SqlCommand command, Boolean callerHasConnectionLock, Boolean asyncClose)
   at Microsoft.Data.SqlClient.TdsParser.TryRun(RunBehavior runBehavior, SqlCommand cmdHandler, SqlDataReader dataStream, BulkCopySimpleResultSet bulkCopyHandler, TdsParserStateObject stateObj, Boolean& dataReady)
   at Microsoft.Data.SqlClient.TdsParser.Run(RunBehavior runBehavior, SqlCommand cmdHandler, SqlDataReader dataStream, BulkCopySimpleResultSet bulkCopyHandler, TdsParserStateObject stateObj)
   at Microsoft.Data.SqlClient.SqlInternalConnectionTds.CompleteLogin(Boolean enlistOK)
   at Microsoft.Data.SqlClient.SqlInternalConnectionTds.AttemptOneLogin(ServerInfo serverInfo, String newPassword, SecureString newSecurePassword, TimeoutTimer timeout, Boolean withFailover)
   at Microsoft.Data.SqlClient.SqlInternalConnectionTds.LoginNoFailover(ServerInfo serverInfo, String newPassword, SecureString newSecurePassword, Boolean redirectedUserInstance, SqlConnectionString connectionOptions, SqlCredential credential, TimeoutTimer timeout)
   at Microsoft.Data.SqlClient.SqlInternalConnectionTds.OpenLoginEnlist(TimeoutTimer timeout, SqlConnectionString connectionOptions, SqlCredential credential, String newPassword, SecureString newSecurePassword, Boolean redirectedUserInstance)
   at Microsoft.Data.SqlClient.SqlInternalConnectionTds..ctor(DbConnectionPoolIdentity identity, SqlConnectionString connectionOptions, SqlCredential credential, Object providerInfo, String newPassword, SecureString newSecurePassword, Boolean redirectedUserInstance, SqlConnectionString userConnectionOptions, SessionData reconnectSessionData, Boolean applyTransientFaultHandling, String accessToken, IDbConnectionPool pool, Func`3 accessTokenCallback)
   at Microsoft.Data.SqlClient.SqlConnectionFactory.CreateConnection(DbConnectionOptions options, DbConnectionPoolKey poolKey, DbConnectionPoolGroupProviderInfo poolGroupProviderInfo, IDbConnectionPool pool, DbConnection owningConnection, DbConnectionOptions userOptions)
   at Microsoft.Data.ProviderBase.DbConnectionFactory.CreatePooledConnection(IDbConnectionPool pool, DbConnection owningObject, DbConnectionOptions options, DbConnectionPoolKey poolKey, DbConnectionOptions userOptions)
   at Microsoft.Data.SqlClient.ConnectionPool.WaitHandleDbConnectionPool.CreateObject(DbConnection owningObject, DbConnectionOptions userOptions, DbConnectionInternal oldConnection)
   at Microsoft.Data.SqlClient.ConnectionPool.WaitHandleDbConnectionPool.UserCreateRequest(DbConnection owningObject, DbConnectionOptions userOptions, DbConnectionInternal oldConnection)
   at Microsoft.Data.SqlClient.ConnectionPool.WaitHandleDbConnectionPool.TryGetConnection(DbConnection owningObject, UInt32 waitForMultipleObjectsTimeout, Boolean allowCreate, Boolean onlyOneCheckConnection, DbConnectionOptions userOptions, DbConnectionInternal& connection)
   at Microsoft.Data.SqlClient.ConnectionPool.WaitHandleDbConnectionPool.TryGetConnection(DbConnection owningObject, TaskCompletionSource`1 taskCompletionSource, DbConnectionOptions userOptions, DbConnectionInternal& connection)
   at Microsoft.Data.ProviderBase.DbConnectionFactory.TryGetConnection(DbConnection owningConnection, TaskCompletionSource`1 retry, DbConnectionOptions userOptions, DbConnectionInternal oldConnection, DbConnectionInternal& connection)
   at Microsoft.Data.ProviderBase.DbConnectionInternal.TryOpenConnectionInternal(DbConnection outerConnection, DbConnectionFactory connectionFactory, TaskCompletionSource`1 retry, DbConnectionOptions userOptions)
   at Microsoft.Data.ProviderBase.DbConnectionClosed.TryOpenConnection(DbConnection outerConnection, DbConnectionFactory connectionFactory, TaskCompletionSource`1 retry, DbConnectionOptions userOptions)
   at Microsoft.Data.SqlClient.SqlConnection.TryOpen(TaskCompletionSource`1 retry, SqlConnectionOverrides overrides)
   at Microsoft.Data.SqlClient.SqlConnection.Open(SqlConnectionOverrides overrides)
   at Microsoft.Data.SqlClient.SqlConnection.Open()
   at Hangfire.SqlServer.SqlServerStorage.CreateAndOpenConnection() in C:\projects\hangfire-525\src\Hangfire.SqlServer\SqlServerStorage.cs:line 406
   at Hangfire.SqlServer.SqlServerStorage.UseConnection[TContext,TResult](DbConnection dedicatedConnection, Func`4 func, TContext context) in C:\projects\hangfire-525\src\Hangfire.SqlServer\SqlServerStorage.cs:line 291
   at Hangfire.SqlServer.SqlServerStorage.UseConnection(DbConnection dedicatedConnection, Action`2 action) in C:\projects\hangfire-525\src\Hangfire.SqlServer\SqlServerStorage.cs:line 268
   at Hangfire.SqlServer.SqlServerStorage.Initialize() in C:\projects\hangfire-525\src\Hangfire.SqlServer\SqlServerStorage.cs:line 465
ClientConnectionId:3200a488-77a4-474e-89bc-024d164deb70
Error Number:18456,State:1,Class:14
2026-09-11 23:48:32.893 -04:00 [WRN] An exception occurred while trying to perform the migration. Retrying...
Microsoft.Data.SqlClient.SqlException (0x80131904): Login failed for user 'sa'.
   at Microsoft.Data.SqlClient.ConnectionPool.WaitHandleDbConnectionPool.TryGetConnection(DbConnection owningObject, UInt32 waitForMultipleObjectsTimeout, Boolean allowCreate, Boolean onlyOneCheckConnection, DbConnectionOptions userOptions, DbConnectionInternal& connection)
   at Microsoft.Data.SqlClient.ConnectionPool.WaitHandleDbConnectionPool.TryGetConnection(DbConnection owningObject, TaskCompletionSource`1 taskCompletionSource, DbConnectionOptions userOptions, DbConnectionInternal& connection)
   at Microsoft.Data.ProviderBase.DbConnectionFactory.TryGetConnection(DbConnection owningConnection, TaskCompletionSource`1 retry, DbConnectionOptions userOptions, DbConnectionInternal oldConnection, DbConnectionInternal& connection)
   at Microsoft.Data.ProviderBase.DbConnectionInternal.TryOpenConnectionInternal(DbConnection outerConnection, DbConnectionFactory connectionFactory, TaskCompletionSource`1 retry, DbConnectionOptions userOptions)
   at Microsoft.Data.ProviderBase.DbConnectionClosed.TryOpenConnection(DbConnection outerConnection, DbConnectionFactory connectionFactory, TaskCompletionSource`1 retry, DbConnectionOptions userOptions)
   at Microsoft.Data.SqlClient.SqlConnection.TryOpen(TaskCompletionSource`1 retry, SqlConnectionOverrides overrides)
   at Microsoft.Data.SqlClient.SqlConnection.Open(SqlConnectionOverrides overrides)
   at Microsoft.Data.SqlClient.SqlConnection.Open()
   at Hangfire.SqlServer.SqlServerStorage.CreateAndOpenConnection() in C:\projects\hangfire-525\src\Hangfire.SqlServer\SqlServerStorage.cs:line 406
   at Hangfire.SqlServer.SqlServerStorage.UseConnection[TContext,TResult](DbConnection dedicatedConnection, Func`4 func, TContext context) in C:\projects\hangfire-525\src\Hangfire.SqlServer\SqlServerStorage.cs:line 291
   at Hangfire.SqlServer.SqlServerStorage.UseConnection(DbConnection dedicatedConnection, Action`2 action) in C:\projects\hangfire-525\src\Hangfire.SqlServer\SqlServerStorage.cs:line 268
   at Hangfire.SqlServer.SqlServerStorage.Initialize() in C:\projects\hangfire-525\src\Hangfire.SqlServer\SqlServerStorage.cs:line 465
ClientConnectionId:3200a488-77a4-474e-89bc-024d164deb70
Error Number:18456,State:1,Class:14
2026-09-11 23:48:32.896 -04:00 [WRN] An exception occurred while trying to perform the migration.
Microsoft.Data.SqlClient.SqlException (0x80131904): Login failed for user 'sa'.
   at Microsoft.Data.SqlClient.ConnectionPool.WaitHandleDbConnectionPool.TryGetConnection(DbConnection owningObject, UInt32 waitForMultipleObjectsTimeout, Boolean allowCreate, Boolean onlyOneCheckConnection, DbConnectionOptions userOptions, DbConnectionInternal& connection)
   at Microsoft.Data.SqlClient.ConnectionPool.WaitHandleDbConnectionPool.TryGetConnection(DbConnection owningObject, TaskCompletionSource`1 taskCompletionSource, DbConnectionOptions userOptions, DbConnectionInternal& connection)
   at Microsoft.Data.ProviderBase.DbConnectionFactory.TryGetConnection(DbConnection owningConnection, TaskCompletionSource`1 retry, DbConnectionOptions userOptions, DbConnectionInternal oldConnection, DbConnectionInternal& connection)
   at Microsoft.Data.ProviderBase.DbConnectionInternal.TryOpenConnectionInternal(DbConnection outerConnection, DbConnectionFactory connectionFactory, TaskCompletionSource`1 retry, DbConnectionOptions userOptions)
   at Microsoft.Data.ProviderBase.DbConnectionClosed.TryOpenConnection(DbConnection outerConnection, DbConnectionFactory connectionFactory, TaskCompletionSource`1 retry, DbConnectionOptions userOptions)
   at Microsoft.Data.SqlClient.SqlConnection.TryOpen(TaskCompletionSource`1 retry, SqlConnectionOverrides overrides)
   at Microsoft.Data.SqlClient.SqlConnection.Open(SqlConnectionOverrides overrides)
   at Microsoft.Data.SqlClient.SqlConnection.Open()
   at Hangfire.SqlServer.SqlServerStorage.CreateAndOpenConnection() in C:\projects\hangfire-525\src\Hangfire.SqlServer\SqlServerStorage.cs:line 406
   at Hangfire.SqlServer.SqlServerStorage.UseConnection[TContext,TResult](DbConnection dedicatedConnection, Func`4 func, TContext context) in C:\projects\hangfire-525\src\Hangfire.SqlServer\SqlServerStorage.cs:line 291
   at Hangfire.SqlServer.SqlServerStorage.UseConnection(DbConnection dedicatedConnection, Action`2 action) in C:\projects\hangfire-525\src\Hangfire.SqlServer\SqlServerStorage.cs:line 268
   at Hangfire.SqlServer.SqlServerStorage.Initialize() in C:\projects\hangfire-525\src\Hangfire.SqlServer\SqlServerStorage.cs:line 465
ClientConnectionId:3200a488-77a4-474e-89bc-024d164deb70
Error Number:18456,State:1,Class:14
2026-09-11 23:48:32.900 -04:00 [WRN] Was unable to perform the Hangfire schema migration due to an exception. Ignore this message unless you've just installed or upgraded Hangfire.
Microsoft.Data.SqlClient.SqlException (0x80131904): Login failed for user 'sa'.
   at Microsoft.Data.SqlClient.ConnectionPool.WaitHandleDbConnectionPool.TryGetConnection(DbConnection owningObject, UInt32 waitForMultipleObjectsTimeout, Boolean allowCreate, Boolean onlyOneCheckConnection, DbConnectionOptions userOptions, DbConnectionInternal& connection)
   at Microsoft.Data.SqlClient.ConnectionPool.WaitHandleDbConnectionPool.TryGetConnection(DbConnection owningObject, TaskCompletionSource`1 taskCompletionSource, DbConnectionOptions userOptions, DbConnectionInternal& connection)
   at Microsoft.Data.ProviderBase.DbConnectionFactory.TryGetConnection(DbConnection owningConnection, TaskCompletionSource`1 retry, DbConnectionOptions userOptions, DbConnectionInternal oldConnection, DbConnectionInternal& connection)
   at Microsoft.Data.ProviderBase.DbConnectionInternal.TryOpenConnectionInternal(DbConnection outerConnection, DbConnectionFactory connectionFactory, TaskCompletionSource`1 retry, DbConnectionOptions userOptions)
   at Microsoft.Data.ProviderBase.DbConnectionClosed.TryOpenConnection(DbConnection outerConnection, DbConnectionFactory connectionFactory, TaskCompletionSource`1 retry, DbConnectionOptions userOptions)
   at Microsoft.Data.SqlClient.SqlConnection.TryOpen(TaskCompletionSource`1 retry, SqlConnectionOverrides overrides)
   at Microsoft.Data.SqlClient.SqlConnection.Open(SqlConnectionOverrides overrides)
   at Microsoft.Data.SqlClient.SqlConnection.Open()
   at Hangfire.SqlServer.SqlServerStorage.CreateAndOpenConnection() in C:\projects\hangfire-525\src\Hangfire.SqlServer\SqlServerStorage.cs:line 406
   at Hangfire.SqlServer.SqlServerStorage.UseConnection[TContext,TResult](DbConnection dedicatedConnection, Func`4 func, TContext context) in C:\projects\hangfire-525\src\Hangfire.SqlServer\SqlServerStorage.cs:line 291
   at Hangfire.SqlServer.SqlServerStorage.UseConnection(DbConnection dedicatedConnection, Action`2 action) in C:\projects\hangfire-525\src\Hangfire.SqlServer\SqlServerStorage.cs:line 268
   at Hangfire.SqlServer.SqlServerStorage.Initialize() in C:\projects\hangfire-525\src\Hangfire.SqlServer\SqlServerStorage.cs:line 465
ClientConnectionId:3200a488-77a4-474e-89bc-024d164deb70
Error Number:18456,State:1,Class:14
2026-09-11 23:48:32.905 -04:00 [ERR] Was unable to use the TryAutoDetectSchemaDependentOptions option due to an exception.
Microsoft.Data.SqlClient.SqlException (0x80131904): Login failed for user 'sa'.
   at Microsoft.Data.SqlClient.ConnectionPool.WaitHandleDbConnectionPool.TryGetConnection(DbConnection owningObject, UInt32 waitForMultipleObjectsTimeout, Boolean allowCreate, Boolean onlyOneCheckConnection, DbConnectionOptions userOptions, DbConnectionInternal& connection)
   at Microsoft.Data.SqlClient.ConnectionPool.WaitHandleDbConnectionPool.TryGetConnection(DbConnection owningObject, TaskCompletionSource`1 taskCompletionSource, DbConnectionOptions userOptions, DbConnectionInternal& connection)
   at Microsoft.Data.ProviderBase.DbConnectionFactory.TryGetConnection(DbConnection owningConnection, TaskCompletionSource`1 retry, DbConnectionOptions userOptions, DbConnectionInternal oldConnection, DbConnectionInternal& connection)
   at Microsoft.Data.ProviderBase.DbConnectionInternal.TryOpenConnectionInternal(DbConnection outerConnection, DbConnectionFactory connectionFactory, TaskCompletionSource`1 retry, DbConnectionOptions userOptions)
   at Microsoft.Data.ProviderBase.DbConnectionClosed.TryOpenConnection(DbConnection outerConnection, DbConnectionFactory connectionFactory, TaskCompletionSource`1 retry, DbConnectionOptions userOptions)
   at Microsoft.Data.SqlClient.SqlConnection.TryOpen(TaskCompletionSource`1 retry, SqlConnectionOverrides overrides)
   at Microsoft.Data.SqlClient.SqlConnection.Open(SqlConnectionOverrides overrides)
   at Microsoft.Data.SqlClient.SqlConnection.Open()
   at Hangfire.SqlServer.SqlServerStorage.CreateAndOpenConnection() in C:\projects\hangfire-525\src\Hangfire.SqlServer\SqlServerStorage.cs:line 406
   at Hangfire.SqlServer.SqlServerStorage.UseConnection[TContext,TResult](DbConnection dedicatedConnection, Func`4 func, TContext context) in C:\projects\hangfire-525\src\Hangfire.SqlServer\SqlServerStorage.cs:line 291
   at Hangfire.SqlServer.SqlServerStorage.UseConnection[TResult](DbConnection dedicatedConnection, Func`3 action) in C:\projects\hangfire-525\src\Hangfire.SqlServer\SqlServerStorage.cs:line 279
   at Hangfire.SqlServer.SqlServerStorage.Initialize() in C:\projects\hangfire-525\src\Hangfire.SqlServer\SqlServerStorage.cs:line 495
ClientConnectionId:3200a488-77a4-474e-89bc-024d164deb70
Error Number:18456,State:1,Class:14
2026-09-11 23:48:33.002 -04:00 [INF] User profile is available. Using 'C:\Users\DanJ2\AppData\Local\ASP.NET\DataProtection-Keys' as key repository and Windows DPAPI to encrypt keys at rest.
2026-09-11 23:48:33.244 -04:00 [INF] Now listening on: http://127.0.0.1:5099
2026-09-11 23:48:33.250 -04:00 [INF] Starting Hangfire Server using job storage: 'SQL Server: localhost,1433@Accordly'
2026-09-11 23:48:33.252 -04:00 [INF] Using the following options for SQL Server job storage: Queue poll interval: 00:00:00.
2026-09-11 23:48:33.253 -04:00 [INF] Using the following options for Hangfire Server:
    Worker count: 20
    Listening queues: 'default'
    Shutdown timeout: 00:00:15
    Schedule polling interval: 00:00:15
2026-09-11 23:48:33.271 -04:00 [INF] Application started. Press Ctrl+C to shut down.
2026-09-11 23:48:33.271 -04:00 [INF] Hosting environment: Development
2026-09-11 23:48:33.272 -04:00 [INF] Content root path: C:\Users\DanJ2\source\repos\Accordly\src\Accordly.Api
2026-09-11 23:48:33.344 -04:00 [ERR] Execution BackgroundServerProcess is in the Failed state now due to an exception, execution will be retried in no more than 00:00:15
Microsoft.Data.SqlClient.SqlException (0x80131904): Login failed for user 'sa'.
   at Microsoft.Data.SqlClient.ConnectionPool.WaitHandleDbConnectionPool.TryGetConnection(DbConnection owningObject, UInt32 waitForMultipleObjectsTimeout, Boolean allowCreate, Boolean onlyOneCheckConnection, DbConnectionOptions userOptions, DbConnectionInternal& connection)
   at Microsoft.Data.SqlClient.ConnectionPool.WaitHandleDbConnectionPool.TryGetConnection(DbConnection owningObject, TaskCompletionSource`1 taskCompletionSource, DbConnectionOptions userOptions, DbConnectionInternal& connection)
   at Microsoft.Data.ProviderBase.DbConnectionFactory.TryGetConnection(DbConnection owningConnection, TaskCompletionSource`1 retry, DbConnectionOptions userOptions, DbConnectionInternal oldConnection, DbConnectionInternal& connection)
   at Microsoft.Data.ProviderBase.DbConnectionInternal.TryOpenConnectionInternal(DbConnection outerConnection, DbConnectionFactory connectionFactory, TaskCompletionSource`1 retry, DbConnectionOptions userOptions)
   at Microsoft.Data.ProviderBase.DbConnectionClosed.TryOpenConnection(DbConnection outerConnection, DbConnectionFactory connectionFactory, TaskCompletionSource`1 retry, DbConnectionOptions userOptions)
   at Microsoft.Data.SqlClient.SqlConnection.TryOpen(TaskCompletionSource`1 retry, SqlConnectionOverrides overrides)
   at Microsoft.Data.SqlClient.SqlConnection.Open(SqlConnectionOverrides overrides)
   at Microsoft.Data.SqlClient.SqlConnection.Open()
   at Hangfire.SqlServer.SqlServerStorage.CreateAndOpenConnection() in C:\projects\hangfire-525\src\Hangfire.SqlServer\SqlServerStorage.cs:line 406
   at Hangfire.SqlServer.SqlServerStorage.UseConnection[TContext,TResult](DbConnection dedicatedConnection, Func`4 func, TContext context) in C:\projects\hangfire-525\src\Hangfire.SqlServer\SqlServerStorage.cs:line 291
   at Hangfire.SqlServer.SqlServerConnection.AnnounceServer(String serverId, ServerContext context) in C:\projects\hangfire-525\src\Hangfire.SqlServer\SqlServerConnection.cs:line 512
   at Hangfire.Server.BackgroundServerProcess.CreateServer(BackgroundServerContext context) in C:\projects\hangfire-525\src\Hangfire.Core\Server\BackgroundServerProcess.cs:line 209
   at Hangfire.Server.BackgroundServerProcess.Execute(Guid executionId, BackgroundExecution execution, CancellationToken stoppingToken, CancellationToken stoppedToken, CancellationToken shutdownToken) in C:\projects\hangfire-525\src\Hangfire.Core\Server\BackgroundServerProcess.cs:line 101
   at Hangfire.Server.BackgroundProcessingServer.RunServer(Guid executionId, Object state) in C:\projects\hangfire-525\src\Hangfire.Core\Server\BackgroundProcessingServer.cs:line 249
   at Hangfire.Processing.BackgroundExecution.Run(Action`2 callback, Object state) in C:\projects\hangfire-525\src\Hangfire.Core\Processing\BackgroundExecution.cs:line 118
ClientConnectionId:3200a488-77a4-474e-89bc-024d164deb70
Error Number:18456,State:1,Class:14
